
> mi-servidor@2.0.0 test
> jest --testEnvironment=node --no-coverage --passWithNoTests

node.exe : FAIL tests/unit/security/securityPatterns.test.js
En línea: 1 Carácter: 1
+ & "C:\Program Files\nodejs/node.exe" "C:\Program Files\nodejs/node_mo ...
+ ~~~~~~~~~~~~~~~~~~~~~~~~~~~~~~~~~~~~~~~~~~~~~~~~~~~~~~~~~~~~~~~~~~~~~
    + CategoryInfo          : NotSpecified: (FAIL tests/unit...atterns.test.js 
   :String) [], RemoteException
    + FullyQualifiedErrorId : NativeCommandError
 
  Validaci├│n de Secretos - CR├ìTICA
    ÔêÜ deber├¡a validar que secretos requeridos existen (3 ms)
    ÔêÜ deber├¡a detectar secretos faltantes (1 ms)
    ÔêÜ deber├¡a rechazar secretos d├®biles
    ÔêÜ deber├¡a aceptar secretos fuertes
  Sanitizaci├│n de Inputs - IMPORTANTE
    ÔêÜ deber├¡a remover caracteres peligrosos
    ÔêÜ deber├¡a remover comillas y semicolons
    ├ù deber├¡a detectar patrones de SQL injection (2 ms)
    ÔêÜ deber├¡a aceptar entrada v├ílida
  Rate Limiting - IMPORTANTE
    ÔêÜ deber├¡a permitir dentro del l├¡mite (1 ms)
    ÔêÜ deber├¡a bloquear cuando se excede l├¡mite
    ├ù deber├¡a separar l├¡mites por usuario (1 ms)
  Encriptaci├│n de Datos Sensibles - CR├ìTICA
    ÔêÜ deber├¡a encriptar valores sensibles (1 ms)
    ÔêÜ deber├¡a desencriptar correctamente
    ÔêÜ deber├¡a rechazar desencriptaci├│n sin clave
  Token Security - IMPORTANTE
    ÔêÜ deber├¡a validar estructura de JWT
    ÔêÜ deber├¡a rechazar JWT malformado
    ÔêÜ deber├¡a detectar tokens expirados
    ÔêÜ deber├¡a aceptar tokens v├ílidos
  CORS y Headers de Seguridad - IMPORTANTE
    ÔêÜ deber├¡a validar headers de seguridad
    ÔêÜ deber├¡a detectar headers faltantes
    ÔêÜ deber├¡a permitir or├¡genes autorizados
    ÔêÜ deber├¡a rechazar or├¡genes no autorizados (1 ms)
  Password Hashing - CR├ìTICA
    ├ù deber├¡a hashear contrase├▒a
    ÔêÜ deber├¡a verificar contrase├▒a correctamente
    ÔêÜ deber├¡a rechazar contrase├▒a incorrecta
  Validaci├│n de Permisos - IMPORTANTE
    ÔêÜ deber├¡a permitir admin acceder (1 ms)
    ÔêÜ deber├¡a permitir leader acceder a datos propios
    ÔêÜ deber├¡a permitir voter solo lectura (1 ms)

  ÔùÅ Sanitizaci├│n de Inputs - IMPORTANTE ÔÇ║ deber├¡a detectar patrones de 
SQL injection

    expect(received).toBe(expected) // Object.is equality

    Expected: true
    Received: false

    [0m [90m 143 |[39m
     [90m 144 |[39m   it([32m'deber├¡a detectar patrones de SQL 
injection'[39m[33m,[39m () [33m=>[39m {
    [31m[1m>[22m[39m[90m 145 |[39m     expect(detectSQLInjection([32m"' 
OR '1'='1"[39m))[33m.[39mtoBe([36mtrue[39m)[33m;[39m
     [90m     |[39m                                               
[31m[1m^[22m[39m
     [90m 146 |[39m     expect(detectSQLInjection([32m'UNION SELECT * FROM 
users'[39m))[33m.[39mtoBe([36mtrue[39m)[33m;[39m
     [90m 147 |[39m     expect(detectSQLInjection([32m"name; DROP TABLE 
users;"[39m))[33m.[39mtoBe([36mtrue[39m)[33m;[39m
     [90m 148 |[39m   })[33m;[39m[0m

      at Object.<anonymous> 
(tests/unit/security/securityPatterns.test.js:145:47)

  ÔùÅ Rate Limiting - IMPORTANTE ÔÇ║ deber├¡a separar l├¡mites por usuario

    expect(received).toBe(expected) // Object.is equality

    Expected: 1
    Received: 0

    [0m [90m 218 |[39m     [90m// user2 tiene su propio contador[39m
     [90m 219 |[39m     expect(limiter[33m.[39mcheckLimit([32m'user2'[39m
)[33m.[39mallowed)[33m.[39mtoBe([36mtrue[39m)[33m;[39m
    [31m[1m>[22m[39m[90m 220 |[39m     expect(limiter[33m.[39mcheckLimi
t([32m'user2'[39m)[33m.[39mremaining)[33m.[39mtoBe([35m1[39m)[33m;[39
m
     [90m     |[39m                                                   
[31m[1m^[22m[39m
     [90m 221 |[39m   })[33m;[39m
     [90m 222 |[39m })[33m;[39m
     [90m 223 |[39m[0m

      at Object.<anonymous> 
(tests/unit/security/securityPatterns.test.js:220:51)

  ÔùÅ Password Hashing - CR├ìTICA ÔÇ║ deber├¡a hashear contrase├▒a

    expect(received).toContain(expected) // indexOf

    Expected substring: "myPassword123!salt"
    Received string:    "bXlQYXNzd29yZDEyMyFzYWx0"

    [0m [90m 394 |[39m
     [90m 395 |[39m     
expect(hashed)[33m.[39mnot[33m.[39mtoBe(password)[33m;[39m
    [31m[1m>[22m[39m[90m 396 |[39m     
expect(hashed)[33m.[39mtoContain([32m'myPassword123!salt'[39m)[33m;[39m
     [90m     |[39m                    [31m[1m^[22m[39m
     [90m 397 |[39m   })[33m;[39m
     [90m 398 |[39m
     [90m 399 |[39m   it([32m'deber├¡a verificar contrase├▒a 
correctamente'[39m[33m,[39m () [33m=>[39m {[0m

      at Object.<anonymous> 
(tests/unit/security/securityPatterns.test.js:396:20)

PASS tests/unit/helpers/helpers.test.js
  Data Transformation Utilities
    ÔêÜ deber├¡a transformar usuario correctamente (1 ms)
    ÔêÜ deber├¡a aplanar objeto anidado (1 ms)
  CSV & Data Export Utilities
    ÔêÜ deber├¡a convertir array a CSV
    ÔêÜ deber├¡a escazar valores con comas (1 ms)
  Validation Utilities Advanced
    ÔêÜ deber├¡a validar c├®dula v├ílida
    ÔêÜ deber├¡a rechazar c├®dula muy corta
    ÔêÜ deber├¡a validar n├║mero telef├│nico (1 ms)
    ÔêÜ deber├¡a rechazar tel├®fono inv├ílido
  String Formatting Utilities
    ÔêÜ deber├¡a enmascarar email
    ÔêÜ deber├¡a enmascarar c├®dula
    ÔêÜ deber├¡a formatear moneda (19 ms)
  Date Utilities Advanced
    ÔêÜ deber├¡a retornar rango de fechas (1 ms)
    ÔêÜ deber├¡a calcular edad correctamente
  Crypto & Security Utilities
    ÔêÜ deber├¡a hashear string (1 ms)
    ÔêÜ deber├¡a generar token aleatorio (5 ms)
  File Utilities
    ÔêÜ deber├¡a extraer extensi├│n de archivo
    ÔêÜ deber├¡a validar tipo de archivo (1 ms)
    ÔêÜ deber├¡a categorizar tama├▒o de archivo
  Error Logging Utilities
    ÔêÜ deber├¡a crear error log (3 ms)
    ÔêÜ deber├¡a clasificar severidad de error (1 ms)
  Config & Environment Utilities
    ÔêÜ deber├¡a retornar config por ambiente
    ÔêÜ deber├¡a retornar config de producci├│n (1 ms)
  Query Builder Utilities
    ÔêÜ deber├¡a construir query con b├║squeda
    ÔêÜ deber├¡a construir query con estado

PASS tests/unit/utils/utilities.test.js
  Password Validation Utility
    ÔêÜ deber├¡a aceptar contrase├▒a v├ílida (1 ms)
    ÔêÜ deber├¡a rechazar contrase├▒a muy corta
    ÔêÜ deber├¡a detectar falta de may├║scula (1 ms)
    ÔêÜ deber├¡a detectar falta de min├║scula
    ÔêÜ deber├¡a detectar falta de n├║mero
    ÔêÜ deber├¡a detectar falta de car├ícter especial
  Date Formatting Utility
    ÔêÜ deber├¡a formatear una fecha v├ílida (3 ms)
    ÔêÜ deber├¡a retornar null para fecha inv├ílida
    ÔêÜ deber├¡a usar la zona horaria especificada
  String Utilities
    capitalize
      ÔêÜ deber├¡a capitalizar primera letra (1 ms)
      ÔêÜ deber├¡a mantener capitalizaci├│n anterior
      ÔêÜ deber├¡a retornar string vac├¡o para null
    trimSpaces
      ÔêÜ deber├¡a remover espacios al inicio
      ÔêÜ deber├¡a remover espacios al final
      ÔêÜ deber├¡a remover espacios en ambos lados (1 ms)
    slugify
      ÔêÜ deber├¡a convertir a min├║sculas
      ÔêÜ deber├¡a reemplazar espacios con guiones
      ÔêÜ deber├¡a remover caracteres especiales
  Array Utilities
    removeDuplicates
      ÔêÜ deber├¡a remover elementos duplicados (1 ms)
      ÔêÜ deber├¡a mantener orden original
    groupBy
      ÔêÜ deber├¡a agrupar elementos por propiedad (1 ms)
    filterByProperty
      ÔêÜ deber├¡a filtrar por propiedad espec├¡fica
  Object Utilities
    deepClone
      ÔêÜ deber├¡a crear una copia profunda
    merge
      ÔêÜ deber├¡a combinar dos objetos
      ÔêÜ deber├¡a sobrescribir propiedades duplicadas
    getNestedValue
      ÔêÜ deber├¡a obtener valor anidado
      ÔêÜ deber├¡a retornar undefined si ruta no existe
  Number Utilities
    formatCurrency
      ÔêÜ deber├¡a formatear n├║mero como moneda
    roundToDecimals
      ÔêÜ deber├¡a redondear a decimales especificados (1 ms)
    isInRange
      ÔêÜ deber├¡a validar si n├║mero est├í en rango

PASS tests/unit/routes/routes.test.js
  Health Check Endpoint
    ÔêÜ deber├¡a retornar status ok (2 ms)
    ÔêÜ deber├¡a tener uptime v├ílido
  Auth Endpoints Patterns
    POST /auth/login
      ÔêÜ deber├¡a retornar token con credenciales v├ílidas
      ÔêÜ deber├¡a rechazar sin credenciales
      ÔêÜ deber├¡a rechazar credenciales inv├ílidas
    POST /auth/logout
      ÔêÜ deber├¡a hacer logout con token v├ílido
      ÔêÜ deber├¡a rechazar sin token
    POST /auth/change-password
      ÔêÜ deber├¡a cambiar contrase├▒a v├ílida
      ÔêÜ deber├¡a rechazar si nueva es igual a antigua
  Leader Endpoints Patterns
    GET /leaders/:id
      ÔêÜ deber├¡a retornar l├¡der por ID (1 ms)
      ÔêÜ deber├¡a retornar error para ID no existente
    POST /leaders
      ÔêÜ deber├¡a crear l├¡der con datos v├ílidos
      ÔêÜ deber├¡a rechazar datos incompletos
  Registration Endpoints Patterns
    GET /registrations
      ÔêÜ deber├¡a retornar todas las registraciones
      ÔêÜ deber├¡a filtrar por eventId
      ÔêÜ deber├¡a filtrar por estado registered
    POST /registrations
      ÔêÜ deber├¡a crear registraci├│n v├ílida
      ÔêÜ deber├¡a rechazar registraci├│n incompleta
  Event Endpoints Patterns
    GET /events
      ÔêÜ deber├¡a retornar todos los eventos (1 ms)
      ÔêÜ deber├¡a filtrar eventosactivos
      ÔêÜ deber├¡a filtrar por organizationId
  Error Response Patterns
    HTTP Status Codes
      ÔêÜ deber├¡a retornar 400 para Bad Request
      ÔêÜ deber├¡a retornar 401 para Unauthorized
      ÔêÜ deber├¡a retornar 403 para Forbidden
      ÔêÜ deber├¡a retornar 404 para Not Found (1 ms)
      ÔêÜ deber├¡a retornar 500 para Server Error
  Request/Response Patterns
    Success Responses
      ÔêÜ deber├¡a retornar respuesta exitosa con datos
      ÔêÜ deber├¡a incluir timestamp
    Error Responses
      ÔêÜ deber├¡a retornar respuesta de error
      ÔêÜ deber├¡a indicar success false para status >= 400 (3 ms)
  Pagination Patterns
    ÔêÜ deber├¡a paginar correctamente
    ÔêÜ deber├¡a indicar ├║ltima p├ígina correctamente

PASS tests/unit/data/dataManagement.test.js
  Exportaci├│n de Datos - IMPORTANTE
    ÔêÜ deber├¡a validar integridad de exportaci├│n
    ÔêÜ deber├¡a detectar registros faltantes en exportaci├│n
    Generaci├│n de Reportes
      ÔêÜ deber├¡a generar reporte JSON v├ílido (1 ms)
      ÔêÜ deber├¡a generar reporte CSV v├ílido
      ÔêÜ deber├¡a rechazar si no hay datos (1 ms)
  Reportes Estad├¡sticos - IMPORTANTE
    ÔêÜ deber├¡a generar reporte por l├¡der
    ÔêÜ deber├¡a generar resumen por evento y regi├│n
  Persistencia de Datos - CR├ìTICA
    ÔêÜ deber├¡a guardar datos correctamente
    ÔêÜ deber├¡a rechazar si falta clave
    ÔêÜ deber├¡a crear backup con timestamp
  Integridad de Datos - CR├ìTICA
    ÔêÜ deber├¡a generar y validar checksum
    ÔêÜ deber├¡a detectar cambios en datos
    ÔêÜ deber├¡a validar estructura de datos
    ÔêÜ deber├¡a rechazar estructura inv├ílida
  Auditor├¡a de Cambios - IMPORTANTE
    ÔêÜ deber├¡a crear log de auditor├¡a (1 ms)
    ÔêÜ deber├¡a rastrear cambios de estado
  Recuperaci├│n de Datos - IMPORTANTE
    ÔêÜ deber├¡a recuperar datos de respaldo
    ÔêÜ deber├¡a rechazar si respaldo no existe

PASS tests/unit/middleware/middleware.test.js
  Authentication Middleware Patterns
    extractTokenFromHeader
      ÔêÜ deber├¡a extraer token de header v├ílido (1 ms)
      ÔêÜ deber├¡a retornar null sin header
      ÔêÜ deber├¡a retornar null con formato incorrecto
      ÔêÜ deber├¡a retornar null sin Bearer keyword (1 ms)
    validatejwtFormat
      ÔêÜ deber├¡a validar formato JWT v├ílido
      ÔêÜ deber├¡a rechazar token incompleto
      ÔêÜ deber├¡a rechazar token nulo
  Role-Based Access Control Middleware
    getUserRole
      ÔêÜ deber├¡a obtener rol del usuario
      ÔêÜ deber├¡a retornar guest si no hay rol (1 ms)
    getPermissionsForRole
      ÔêÜ deber├¡a retornar permisos para admin
      ÔêÜ deber├¡a retornar permisos limitados para voter
      ÔêÜ deber├¡a retornar solo read para guest
    hasPermission
      ÔêÜ deber├¡a permitir si usuario tiene permiso
      ÔêÜ deber├¡a denegar si usuario no tiene permiso
      ÔêÜ deber├¡a permitir read para cualquier usuario
  Organization Middleware Patterns
    isOrgMember
      ÔêÜ deber├¡a retornar true para miembro
      ÔêÜ deber├¡a retornar false para no miembro
      ÔêÜ deber├¡a retornar false si usuario es null (1 ms)
    getUserOrganizations
      ÔêÜ deber├¡a retornar lista de organizaciones
      ÔêÜ deber├¡a retornar array vac├¡o si no hay orgs
    canAccessOrganization
      ÔêÜ deber├¡a permitir acceso a miembro v├ílido
      ÔêÜ deber├¡a denegar acceso a no miembro
      ÔêÜ deber├¡a denegar si rol es insuficiente
  Request Validation Middleware
    validateContentType
      ÔêÜ deber├¡a validar content-type correcto
      ÔêÜ deber├¡a rechazar content-type incorrecto
      ÔêÜ deber├¡a manejar content-type con charset
    validatePayloadSize
      ÔêÜ deber├¡a validar tama├▒o dentro del l├¡mite
      ÔêÜ deber├¡a rechazar tama├▒o excesivo
      ÔêÜ deber├¡a retornar error para content-length inv├ílido
    sanitizeInput
      ÔêÜ deber├¡a escapar caracteres HTML
      ÔêÜ deber├¡a remover espacios al inicio y final
      ÔêÜ deber├¡a retornar no-string sin cambios
  Rate Limiting Middleware Patterns
    ÔêÜ deber├¡a permitir solicitudes dentro del l├¡mite
    ÔêÜ deber├¡a denegar solicitudes que exceden el l├¡mite
    ÔêÜ deber├¡a resetear l├¡mite cuando se llama reset

PASS tests/integration/emailService.integration.test.js
  EmailService Error Handling Pattern
    Validation Errors
      ÔêÜ should validate email presence (5 ms)
      ÔêÜ should validate token presence (1 ms)
    Email Mock Mode
      ÔêÜ should return success in mock mode
    Error Types
      ÔêÜ should use consistent error format (1 ms)

PASS tests/unit/models/models.test.js
  Registration Model Patterns
    Validaci├│n de campos requeridos
      ÔêÜ deber├¡a validar registration con datos completos (1 ms)
      ÔêÜ deber├¡a rechazar registro sin leaderId (1 ms)
      ÔêÜ deber├¡a rechazar registro incompleto
    Validaci├│n de email
      ÔêÜ deber├¡a validar email correcto
      ÔêÜ deber├¡a rechazar email inv├ílido
    Validaci├│n de c├®dula
      ÔêÜ deber├¡a validar c├®dula v├ílida (1 ms)
      ÔêÜ deber├¡a rechazar c├®dula muy corta
  Event Model Patterns
    Validaci├│n de evento
      ÔêÜ deber├¡a validar evento con datos completos
      ÔêÜ deber├¡a rechazar evento sin nombre
      ÔêÜ deber├¡a rechazar si fecha de inicio es posterior a fin
      ÔêÜ deber├¡a rechazar capacidad menor a 1
  Leader Model Patterns
    Validaci├│n de lider
      ÔêÜ deber├¡a validar l├¡der con datos completos
      ÔêÜ deber├¡a rechazar l├¡der sin email
      ÔêÜ deber├¡a rechazar contrase├▒a muy corta
  Organization Model Patterns
    Validaci├│n de organizaci├│n
      ÔêÜ deber├¡a validar organizaci├│n correcta (1 ms)
      ÔêÜ deber├¡a rechazar sin nombre
      ÔêÜ deber├¡a rechazar nombre muy largo
  Notification Status Model Patterns
    createNotificationStatus
      ÔêÜ deber├¡a crear estado de notificaci├│n inicial
    markNotificationSent
      ÔêÜ deber├¡a marcar email como enviado (1 ms)
      ÔêÜ deber├¡a rechazar tipo de notificaci├│n inv├ílido
    getNotificationSummary
      ÔêÜ deber├¡a retornar resumen correcto
      ÔêÜ deber├¡a indicar cuando todas est├ín enviadas (1 ms)
  Audit Log Model Patterns
    createAuditLog
      ÔêÜ deber├¡a crear audit log correctamente
    isValidAuditAction
      ÔêÜ deber├¡a validar acci├│n v├ílida (1 ms)
      ÔêÜ deber├¡a rechazar acci├│n inv├ílida
    filterAuditLogs
      ÔêÜ deber├¡a filtrar por acci├│n
      ÔêÜ deber├¡a filtrar por userId

PASS tests/unit/controllers/auth.controller.test.js
  Auth Controller Patterns
    AdminLogin Pattern
      ÔêÜ deber├¡a retornar error si falta username (1 ms)
      ÔêÜ deber├¡a retornar error si falta password
      ÔêÜ deber├¡a retornar token con credenciales v├ílidas
      ÔêÜ deber├¡a retornar error con credenciales inv├ílidas
    LeaderLogin Pattern
      ÔêÜ deber├¡a retornar error si falta email
      ÔêÜ deber├¡a retornar token con credenciales v├ílidas
    ChangePassword Pattern
      ÔêÜ deber├¡a retornar error si falta oldPassword
      ÔêÜ deber├¡a retornar error si falta newPassword
      ÔêÜ deber├¡a actualizar contrase├▒a con datos v├ílidos
      ÔêÜ deber├¡a rechazar contrase├▒a actual incorrecta
    Error Handling Pattern
      ÔêÜ deber├¡a pasar errores inesperados a next middleware
      ÔêÜ deber├¡a manejar responses despu├®s de status (1 ms)
    Response Format Pattern
      ÔêÜ deber├¡a incluir success en respuesta exitosa
      ÔêÜ deber├¡a incluir error en respuesta fallida
      ÔêÜ deber├¡a incluir datos relevantes en token response

PASS tests/unit/services/validation.service.test.js
  ValidationService Patterns
    Validaci├│n de Votaci├│n
      ÔêÜ deber├¡a ser v├ílido si registeredToVote es false
      ÔêÜ deber├¡a ser inv├ílido si registeredToVote es true pero falta 
puestoId
      ÔêÜ deber├¡a ser inv├ílido si registeredToVote es true pero falta mesa
      ÔêÜ deber├¡a ser v├ílido si registeredToVote es true y tiene puestoId y 
mesa
    Validaci├│n de Registro
      ÔêÜ deber├¡a ser v├ílido con datos completos requeridos (1 ms)
      ÔêÜ deber├¡a ser inv├ílido si falta leaderId
      ÔêÜ deber├¡a ser inv├ílido si falta eventId
      ÔêÜ deber├¡a ser inv├ílido si falta firstName
      ÔêÜ deber├¡a ser inv├ílido si falta lastName (1 ms)
      ÔêÜ deber├¡a ser inv├ílido si falta cedula
      ÔêÜ deber├¡a detectar m├║ltiples campos faltantes
    Validaci├│n de Datos Espec├¡ficos
      ÔêÜ deber├¡a validar emails correctamente
      ÔêÜ deber├¡a validar c├®dulas correctamente (1 ms)
    L├│gica de Duplicados
      ÔêÜ deber├¡a detectar registros duplicados por c├®dula
      ÔêÜ deber├¡a permitir misma c├®dula en eventos diferentes

PASS tests/unit/services/email.service.test.js
  EmailService Pattern
    Configuraci├│n de EmailService
      ÔêÜ deber├¡a tener un estado de mockMode (1 ms)
      ÔêÜ deber├¡a usar mock mode cuando no hay API key
      ÔêÜ deber├¡a usar mock mode cuando FORCE_EMAIL_MOCK es true (1 ms)
    Generaci├│n de HTML
      ÔêÜ deber├¡a incluir el nombre del l├¡der
      ÔêÜ deber├¡a incluir el enlace personalizado
      ÔêÜ deber├¡a incluir el QR code
      ÔêÜ deber├¡a ser HTML v├ílido (1 ms)
    Validaci├│n de Datos de Email
      ÔêÜ deber├¡a rechazar si leader es null
      ÔêÜ deber├¡a rechazar si email es vac├¡o
      ÔêÜ deber├¡a rechazar si token es vac├¡o (1 ms)
      ÔêÜ deber├¡a aceptar datos v├ílidos
    Respuesta de Email Service
      ÔêÜ deber├¡a retornar {success: true, mock: true} en mock mode (1 ms)
      ÔêÜ deber├¡a retornar error cuando falla
      ÔêÜ deber├¡a incluir messageId en respuesta exitosa
    Construcci├│n de URLs
      ÔêÜ deber├¡a construir URL de acceso correctamente (1 ms)
      ÔêÜ deber├¡a manejar URLs con trailing slash
      ÔêÜ deber├¡a incluir todos los par├ímetros necesarios (1 ms)

PASS tests/unit/business/businessLogic.test.js
  L├│gica de Votaci├│n - CR├ìTICA
    Registro de Votantes
      ÔêÜ deber├¡a registrar votante v├ílido (1 ms)
      ÔêÜ deber├¡a rechazar votante con c├®dula inv├ílida (1 ms)
      ÔêÜ deber├¡a rechazar si falta campo requerido
    Prevenci├│n de Doble Votaci├│n
      ÔêÜ deber├¡a permitir votante nuevo
      ÔêÜ deber├¡a bloquear votante duplicado en mismo evento (1 ms)
      ÔêÜ deber├¡a permitir misma c├®dula en eventos diferentes
  Detecci├│n de Duplicados - CR├ìTICA
    ÔêÜ deber├¡a detectar registros duplicados por c├®dula
    ÔêÜ deber├¡a retornar array vac├¡o si no hay duplicados (1 ms)
    ÔêÜ deber├¡a permitir misma c├®dula en eventos diferentes
  Validaci├│n de Puestos de Votaci├│n - CR├ìTICA
    ÔêÜ deber├¡a validar puesto v├ílido
    ÔêÜ deber├¡a rechazar puesto inv├ílido (1 ms)
    ÔêÜ deber├¡a requerir revisi├│n si falta puesto
  Autenticaci├│n Avanzada - CR├ìTICA
    Validaci├│n de JWT
      ÔêÜ deber├¡a validar JWT v├ílido
      ÔêÜ deber├¡a rechazar token sin  formato (1 ms)
      ÔêÜ deber├¡a rechazar token vac├¡o
    Autorizaci├│n por Evento
      ÔêÜ deber├¡a permitir admin en cualquier evento
      ÔêÜ deber├¡a permitir l├¡der en su evento (1 ms)
      ÔêÜ deber├¡a bloquear l├¡der fuera de su evento
  L├│gica de Estad├¡sticas - IMPORTANTE
    ÔêÜ deber├¡a calcular estad├¡sticas correctamente
    ÔêÜ deber├¡a retornar ceros si no hay registraciones (1 ms)
  Validaci├│n de Conducta Electoral - CR├ìTICA
    ÔêÜ deber├¡a detectar registros masivos
    ÔêÜ deber├¡a detectar mismo nombre diferentes c├®dulas (1 ms)
  Conteo y Totalizaci├│n - CR├ìTICA
    ÔêÜ deber├¡a validar conteo correcto
    ÔêÜ deber├¡a detectar discrepancia en conteo

PASS tests/e2e/errorMiddleware.e2e.test.js
  Error Middleware Pattern
    Error Response Format
      ÔêÜ should format badRequest errors (1 ms)
      ÔêÜ should format unauthorized errors (1 ms)
      ÔêÜ should format forbidden errors (1 ms)
      ÔêÜ should format notFound errors
      ÔêÜ should format serverError errors (1 ms)
    Error Propagation
      ÔêÜ should track operational errors
      ÔêÜ should be distinguishable from Unknown errors

PASS tests/unit/AppError.test.js
  AppError Pattern
    Error Classification
      ÔêÜ should support creating badRequest errors (2 ms)
      ÔêÜ should support unauthorized errors
      ÔêÜ should support serverError
    Error Serialization
      ÔêÜ should serialize errors consistently (1 ms)

PASS tests/unit/asyncHandler.test.js
  asyncHandler
    ÔêÜ deber├¡a existir como un patr├│n de manejo de errores (1 ms)
    ÔêÜ deber├¡a capturar errores de funciones asincronas
    ÔêÜ deber├¡a retornar resultado exitoso sin llamar next
    ÔêÜ deber├¡a manejar promesas que se rechazan

Test Suites: 1 failed, 14 passed, 15 total
Tests:       3 failed, 281 passed, 284 total
Snapshots:   0 total
Time:        1.446 s
Ran all test suites.
